[1m[34m[1/9] index.qmd[39m[22m
[1m[34m[2/9] summary.qmd[39m[22m
[1m[34m[3/9] scripts/0_literature_screening/literature_screening.qmd[39m[22m
[1m[34m[4/9] scripts/1_effect_size_calculation_pipeline/overall_effect.qmd[39m[22m
[31m

processing file: overall_effect.qmd
[39m1/99                                
2/99 [setup]                        
3/99                                
4/99 [load_and_align_datasets]      
5/99                                
6/99 [excluded_studies_table]       
7/99                                
8/99 [included_studies_table]       
9/99                                
10/99 [build_summary_tables]         
11/99                                
12/99 [source_summary_table]         
13/99                                
14/99 [species_summary_table]        
15/99                                
16/99 [hedges_density_plots]         
17/99                                
18/99 [or_density_plots]             
19/99                                
20/99 [model_fitting_function]       
21/99                                
22/99 [fit_multilevel_models]        
23/99                                
24/99 [hedges_unified_plot]          
25/99                                
26/99 [hedges_corrected_plot]        
27/99                                
28/99 [hedges_comparison_plot]       
29/99                                
30/99 [hedges_new_stats]             
31/99                                
32/99 [hedges_new_corr_stats]        
33/99                                
34/99 [hedges_orig_stats]            
35/99                                
36/99 [hedges_orig_corr_stats]       
37/99                                
38/99 [hedges_comb_stats]            
39/99                                
40/99 [hedges_comb_corr_stats]       
41/99                                
42/99 [or_unified_plot]              
43/99                                
44/99 [or_corrected_plot]            
45/99                                
46/99 [or_comparison_plot]           
47/99                                
48/99 [or_new_stats]                 
49/99                                
50/99 [or_new_corr_stats]            
51/99                                
52/99 [or_orig_stats]                
53/99                                
54/99 [or_orig_corr_stats]           
55/99                                
56/99 [or_comb_stats]                
57/99                                
58/99 [or_comb_corr_stats]           
59/99                                
60/99 [fit_bias_robust_splits]       
61/99                                
62/99 [correction_comparison_builder]
63/99                                
64/99 [correction_comparison_hedges] 
65/99                                
66/99 [correction_comparison_or]     
67/99                                
68/99 [taxon_classify]               
69/99                                
70/99 [taxon_check_table]            
71/99                                
72/99 [fit_taxon_hetero_models]      
73/99                                
74/99 [taxon_fit_diagnostics]        
75/99                                
76/99 [taxon_fit_diagnostics_table]  
77/99                                
78/99 [taxon_hedges_summary]         
79/99                                
80/99 [taxon_or_summary]             
81/99                                
82/99 [taxon_group_means_table]      
83/99                                
84/99 [taxon_variance_table]         
85/99                                
86/99 [taxon_qm_helpers]             
87/99                                
88/99 [taxon_orchard_plots]          
89/99                                
90/99 [heterogeneity_i2_compute]     
91/99                                
92/99 [heterogeneity_i2_table]       
93/99                                
94/99 [vcv_sensitivity_analysis]     
95/99                                
96/99 [vcv_comparison_table]         
97/99                                
98/99 [session_info]                 
99/99                                
[31moutput file: overall_effect.knit.md

[39m[1m[34m[5/9] scripts/1_effect_size_calculation_pipeline/publication_bias.qmd[39m[22m
[31m

processing file: publication_bias.qmd
[39m1/47                                   
2/47 [setup]                           
3/47                                   
4/47 [load_and_align_datasets]         
5/47                                   
6/47 [excluded_studies_table_pb]       
7/47                                   
8/47 [included_studies_table_pb]       
9/47                                   
10/47 [hedges_baseline_and_funnel]      
11/47                                   
12/47 [hedges_eggers_regression]        
13/47                                   
14/47 [hedges_egger_bubble_plot]        
15/47                                   
16/47 [hedges_time_lag]                 
17/47                                   
18/47 [hedges_decline_bubble_plot]      
19/47                                   
20/47 [hedges_unified_dashboard]        
21/47                                   
22/47 [or_baseline_and_funnel]          
23/47                                   
24/47 [or_eggers_regression]            
25/47                                   
26/47 [or_egger_bubble_plot]            
27/47                                   
28/47 [or_time_lag]                     
29/47                                   
30/47 [or_decline_bubble_plot]          
31/47                                   
32/47 [or_unified_dashboard]            
33/47                                   
34/47 [hedges_biasrobust_models]        
35/47                                   
36/47 [hedges_pub_bias_plot]            
37/47                                   
38/47 [or_biasrobust_models]            
39/47                                   
40/47 [or_pub_bias_plot]                
41/47                                   
42/47 [bias_correction_comparison_table]
43/47                                   
44/47 [summary_table_creation]          
45/47                                   
46/47 [session_info]                    
47/47                                   
[31moutput file: publication_bias.knit.md

[39m[1m[34m[6/9] scripts/3_original_dataset_crosscheck/extraction_validation.qmd[39m[22m
[33mWARNING (/Applications/quarto/share/filters/main.lua:10085) 
The following string was found in the document: :::

This usually indicates a problem with a fenced div in the document. Please check the document for errors.
[39m[1m[34m[7/9] scripts/1_effect_size_calculation_pipeline/sensitivity_analysis.qmd[39m[22m
[1m[34m[8/9] scripts/1_effect_size_calculation_pipeline/moderator_analysis.qmd[39m[22m
[1m[34m[9/9] references.qmd[39m[22m

Output created: docs/index.html

